
Memory Configuration

Name             Origin             Length             Attributes
ROM              0x00000000c0000000 0x0000000000010000 axrl !w
RAM              0x0000000000000000 0x0000000040000000 axw !rl
*default*        0x0000000000000000 0xffffffffffffffff

Linker script and memory map

LOAD crt0.o
LOAD /tmp/ccZ9MG14.o
LOAD /tmp/ccBY73hd.o

.text           0x00000000c0000000      0x280
                0x00000000c0000000                . = ALIGN (0x8)
 *(.text)
 .text          0x00000000c0000000       0x1c crt0.o
                0x00000000c0000000                _start
 .text          0x00000000c000001c      0x228 /tmp/ccZ9MG14.o
                0x00000000c000001c                read_register
                0x00000000c000004c                write_register
                0x00000000c000007c                config_led
                0x00000000c00000f4                config_switch
                0x00000000c000017c                read_switch
                0x00000000c00001dc                set_led
 .text          0x00000000c0000244       0x3c /tmp/ccBY73hd.o
                0x00000000c0000244                main
 *(.text*)
                0x00000000c0000280                . = ALIGN (0x8)
 *fill*         0x00000000c0000280        0x0 

.data           0x0000000000000000        0x0 load address 0x00000000c0000280
                0x0000000000000000                . = ALIGN (0x8)
                [!provide]                        PROVIDE (__global_pointer$ = .)
 *(.data)
 .data          0x0000000000000000        0x0 crt0.o
 .data          0x0000000000000000        0x0 /tmp/ccZ9MG14.o
 .data          0x0000000000000000        0x0 /tmp/ccBY73hd.o

.rodata         0x00000000c0000280        0x0
                0x00000000c0000280                . = ALIGN (0x8)
 *(.rodata)
 *(.rodata*)
                0x00000000c0000280                . = ALIGN (0x8)

.bss            0x0000000000000000        0x0
                [!provide]                        PROVIDE (__bss_start = .)
 *(.bss)
 .bss           0x0000000000000000        0x0 crt0.o
 .bss           0x0000000000000000        0x0 /tmp/ccZ9MG14.o
 .bss           0x0000000000000000        0x0 /tmp/ccBY73hd.o
 *(.bss*)
                [!provide]                        PROVIDE (__bss_end = .)
                [!provide]                        PROVIDE (_end = .)

.stack          0x0000000000000000   0x100000
                0x0000000000000000                . = ALIGN (0x8)
                0x0000000000000000                _estack = .
                0x0000000000100000                . = (. + STACK_SIZE)
 *fill*         0x0000000000000000   0x100000 
                0x0000000000100000                . = ALIGN (0x8)
                0x0000000000100000                _sstack = .
                0x0000000000100000                STACK_SIZE = 0x100000
OUTPUT(main.elf elf32-littleriscv)

.comment        0x0000000000000000       0x2c
 .comment       0x0000000000000000       0x1b crt0.o
                                         0x1c (size before relaxing)
 .comment       0x000000000000001b       0x11 /tmp/ccZ9MG14.o
                                         0x12 (size before relaxing)
 .comment       0x000000000000002c       0x12 /tmp/ccBY73hd.o

.riscv.attributes
                0x0000000000000000       0x1c
 .riscv.attributes
                0x0000000000000000       0x1c crt0.o
