
There are no discarded input sections

Memory Configuration

Name             Origin             Length             Attributes
ROM              0xc0000000         0x00010000         axrl!w
RAM              0x00000000         0x40000000         axw!rl
*default*        0x00000000         0xffffffff

Linker script and memory map

LOAD crt0.o
LOAD /tmp/ccl8bS9q.o

.text           0xc0000000       0x40
                0xc0000000                        . = ALIGN (0x8)
 *(.text)
 .text          0xc0000000       0x1c crt0.o
                0xc0000000                _start
 .text          0xc000001c       0x20 /tmp/ccl8bS9q.o
                0xc000001c                main
 *(.text*)
                0xc0000040                        . = ALIGN (0x8)
 *fill*         0xc000003c        0x4 

.data           0x00000000        0x0 load address 0xc0000040
                0x00000000                        . = ALIGN (0x8)
                [!provide]                        PROVIDE (__global_pointer$ = .)
 *(.data)
 .data          0x00000000        0x0 crt0.o
 .data          0x00000000        0x0 /tmp/ccl8bS9q.o

.rodata         0xc0000040        0x0
                0xc0000040                        . = ALIGN (0x8)
 *(.rodata)
 *(.rodata*)
                0xc0000040                        . = ALIGN (0x8)

.bss            0x00000000        0x0
                [!provide]                        PROVIDE (__bss_start = .)
 *(.bss)
 .bss           0x00000000        0x0 crt0.o
 .bss           0x00000000        0x0 /tmp/ccl8bS9q.o
 *(.bss*)
                [!provide]                        PROVIDE (__bss_end = .)
                [!provide]                        PROVIDE (_end = .)

.stack          0x00000000   0x100000
                0x00000000                        . = ALIGN (0x8)
                0x00000000                        _estack = .
                0x00100000                        . = (. + STACK_SIZE)
 *fill*         0x00000000   0x100000 
                0x00100000                        . = ALIGN (0x8)
                0x00100000                        _sstack = .
                0x00100000                        STACK_SIZE = 0x100000
LOAD /opt/riscv32i/lib/gcc/riscv32-unknown-elf/13.2.0/libgcc.a
START GROUP
LOAD /opt/riscv32i/lib/gcc/riscv32-unknown-elf/13.2.0/../../../../riscv32-unknown-elf/lib/libc.a
LOAD /opt/riscv32i/lib/gcc/riscv32-unknown-elf/13.2.0/../../../../riscv32-unknown-elf/lib/libgloss.a
END GROUP
LOAD /opt/riscv32i/lib/gcc/riscv32-unknown-elf/13.2.0/libgcc.a
OUTPUT(main.elf elf32-littleriscv)

.comment        0x00000000       0x1b
 .comment       0x00000000       0x1b crt0.o
                                 0x1c (size before relaxing)
 .comment       0x0000001b       0x1c /tmp/ccl8bS9q.o

.riscv.attributes
                0x00000000       0x1c
 .riscv.attributes
                0x00000000       0x1c crt0.o
 .riscv.attributes
                0x0000001c       0x1c /tmp/ccl8bS9q.o
