Archive member included to satisfy reference by file (symbol)

/opt/riscv32i/lib/gcc/riscv32-unknown-elf/13.2.0/../../../../riscv32-unknown-elf/lib/libc.a(libc_a-exit.o)
                              /opt/riscv32i/lib/gcc/riscv32-unknown-elf/13.2.0/../../../../riscv32-unknown-elf/lib/crt0.o (exit)
/opt/riscv32i/lib/gcc/riscv32-unknown-elf/13.2.0/../../../../riscv32-unknown-elf/lib/libc.a(libc_a-findfp.o)
                              /opt/riscv32i/lib/gcc/riscv32-unknown-elf/13.2.0/../../../../riscv32-unknown-elf/lib/libc.a(libc_a-exit.o) (__stdio_exit_handler)
/opt/riscv32i/lib/gcc/riscv32-unknown-elf/13.2.0/../../../../riscv32-unknown-elf/lib/libc.a(libc_a-fwalk.o)
                              /opt/riscv32i/lib/gcc/riscv32-unknown-elf/13.2.0/../../../../riscv32-unknown-elf/lib/libc.a(libc_a-findfp.o) (_fwalk_sglue)
/opt/riscv32i/lib/gcc/riscv32-unknown-elf/13.2.0/../../../../riscv32-unknown-elf/lib/libc.a(libc_a-stdio.o)
                              /opt/riscv32i/lib/gcc/riscv32-unknown-elf/13.2.0/../../../../riscv32-unknown-elf/lib/libc.a(libc_a-findfp.o) (__sread)
/opt/riscv32i/lib/gcc/riscv32-unknown-elf/13.2.0/../../../../riscv32-unknown-elf/lib/libc.a(libc_a-closer.o)
                              /opt/riscv32i/lib/gcc/riscv32-unknown-elf/13.2.0/../../../../riscv32-unknown-elf/lib/libc.a(libc_a-stdio.o) (_close_r)
/opt/riscv32i/lib/gcc/riscv32-unknown-elf/13.2.0/../../../../riscv32-unknown-elf/lib/libc.a(libc_a-reent.o)
                              /opt/riscv32i/lib/gcc/riscv32-unknown-elf/13.2.0/../../../../riscv32-unknown-elf/lib/libc.a(libc_a-closer.o) (errno)
/opt/riscv32i/lib/gcc/riscv32-unknown-elf/13.2.0/../../../../riscv32-unknown-elf/lib/libc.a(libc_a-impure.o)
                              /opt/riscv32i/lib/gcc/riscv32-unknown-elf/13.2.0/../../../../riscv32-unknown-elf/lib/libc.a(libc_a-reent.o) (_impure_ptr)
/opt/riscv32i/lib/gcc/riscv32-unknown-elf/13.2.0/../../../../riscv32-unknown-elf/lib/libc.a(libc_a-lseekr.o)
                              /opt/riscv32i/lib/gcc/riscv32-unknown-elf/13.2.0/../../../../riscv32-unknown-elf/lib/libc.a(libc_a-stdio.o) (_lseek_r)
/opt/riscv32i/lib/gcc/riscv32-unknown-elf/13.2.0/../../../../riscv32-unknown-elf/lib/libc.a(libc_a-readr.o)
                              /opt/riscv32i/lib/gcc/riscv32-unknown-elf/13.2.0/../../../../riscv32-unknown-elf/lib/libc.a(libc_a-stdio.o) (_read_r)
/opt/riscv32i/lib/gcc/riscv32-unknown-elf/13.2.0/../../../../riscv32-unknown-elf/lib/libc.a(libc_a-writer.o)
                              /opt/riscv32i/lib/gcc/riscv32-unknown-elf/13.2.0/../../../../riscv32-unknown-elf/lib/libc.a(libc_a-stdio.o) (_write_r)
/opt/riscv32i/lib/gcc/riscv32-unknown-elf/13.2.0/../../../../riscv32-unknown-elf/lib/libc.a(libc_a-init.o)
                              /opt/riscv32i/lib/gcc/riscv32-unknown-elf/13.2.0/../../../../riscv32-unknown-elf/lib/crt0.o (__libc_init_array)
/opt/riscv32i/lib/gcc/riscv32-unknown-elf/13.2.0/../../../../riscv32-unknown-elf/lib/libc.a(libc_a-memset.o)
                              /opt/riscv32i/lib/gcc/riscv32-unknown-elf/13.2.0/../../../../riscv32-unknown-elf/lib/crt0.o (memset)
/opt/riscv32i/lib/gcc/riscv32-unknown-elf/13.2.0/../../../../riscv32-unknown-elf/lib/libc.a(libc_a-__call_atexit.o)
                              /opt/riscv32i/lib/gcc/riscv32-unknown-elf/13.2.0/../../../../riscv32-unknown-elf/lib/libc.a(libc_a-exit.o) (__call_exitprocs)
/opt/riscv32i/lib/gcc/riscv32-unknown-elf/13.2.0/../../../../riscv32-unknown-elf/lib/libc.a(libc_a-atexit.o)
                              /opt/riscv32i/lib/gcc/riscv32-unknown-elf/13.2.0/../../../../riscv32-unknown-elf/lib/libc.a(libc_a-__call_atexit.o) (atexit)
/opt/riscv32i/lib/gcc/riscv32-unknown-elf/13.2.0/../../../../riscv32-unknown-elf/lib/libc.a(libc_a-freer.o)
                              /opt/riscv32i/lib/gcc/riscv32-unknown-elf/13.2.0/../../../../riscv32-unknown-elf/lib/libc.a(libc_a-reent.o) (_free_r)
/opt/riscv32i/lib/gcc/riscv32-unknown-elf/13.2.0/../../../../riscv32-unknown-elf/lib/libc.a(libc_a-mallocr.o)
                              /opt/riscv32i/lib/gcc/riscv32-unknown-elf/13.2.0/../../../../riscv32-unknown-elf/lib/libc.a(libc_a-findfp.o) (_malloc_r)
/opt/riscv32i/lib/gcc/riscv32-unknown-elf/13.2.0/../../../../riscv32-unknown-elf/lib/libc.a(libc_a-mlock.o)
                              /opt/riscv32i/lib/gcc/riscv32-unknown-elf/13.2.0/../../../../riscv32-unknown-elf/lib/libc.a(libc_a-freer.o) (__malloc_lock)
/opt/riscv32i/lib/gcc/riscv32-unknown-elf/13.2.0/../../../../riscv32-unknown-elf/lib/libc.a(libc_a-fclose.o)
                              /opt/riscv32i/lib/gcc/riscv32-unknown-elf/13.2.0/../../../../riscv32-unknown-elf/lib/libc.a(libc_a-findfp.o) (_fclose_r)
/opt/riscv32i/lib/gcc/riscv32-unknown-elf/13.2.0/../../../../riscv32-unknown-elf/lib/libc.a(libc_a-fflush.o)
                              /opt/riscv32i/lib/gcc/riscv32-unknown-elf/13.2.0/../../../../riscv32-unknown-elf/lib/libc.a(libc_a-fclose.o) (__sflush_r)
/opt/riscv32i/lib/gcc/riscv32-unknown-elf/13.2.0/../../../../riscv32-unknown-elf/lib/libc.a(libc_a-sbrkr.o)
                              /opt/riscv32i/lib/gcc/riscv32-unknown-elf/13.2.0/../../../../riscv32-unknown-elf/lib/libc.a(libc_a-freer.o) (_sbrk_r)
/opt/riscv32i/lib/gcc/riscv32-unknown-elf/13.2.0/../../../../riscv32-unknown-elf/lib/libc.a(libc_a-fini.o)
                              /opt/riscv32i/lib/gcc/riscv32-unknown-elf/13.2.0/../../../../riscv32-unknown-elf/lib/libc.a(libc_a-__call_atexit.o) (__libc_fini_array)
/opt/riscv32i/lib/gcc/riscv32-unknown-elf/13.2.0/../../../../riscv32-unknown-elf/lib/libc.a(libc_a-__atexit.o)
                              /opt/riscv32i/lib/gcc/riscv32-unknown-elf/13.2.0/../../../../riscv32-unknown-elf/lib/libc.a(libc_a-atexit.o) (__register_exitproc)
/opt/riscv32i/lib/gcc/riscv32-unknown-elf/13.2.0/../../../../riscv32-unknown-elf/lib/libgloss.a(riscv_libgloss_a-sys_close.o)
                              /opt/riscv32i/lib/gcc/riscv32-unknown-elf/13.2.0/../../../../riscv32-unknown-elf/lib/libc.a(libc_a-closer.o) (_close)
/opt/riscv32i/lib/gcc/riscv32-unknown-elf/13.2.0/../../../../riscv32-unknown-elf/lib/libgloss.a(riscv_libgloss_a-sys_exit.o)
                              /opt/riscv32i/lib/gcc/riscv32-unknown-elf/13.2.0/../../../../riscv32-unknown-elf/lib/libc.a(libc_a-exit.o) (_exit)
/opt/riscv32i/lib/gcc/riscv32-unknown-elf/13.2.0/../../../../riscv32-unknown-elf/lib/libgloss.a(riscv_libgloss_a-sys_lseek.o)
                              /opt/riscv32i/lib/gcc/riscv32-unknown-elf/13.2.0/../../../../riscv32-unknown-elf/lib/libc.a(libc_a-lseekr.o) (_lseek)
/opt/riscv32i/lib/gcc/riscv32-unknown-elf/13.2.0/../../../../riscv32-unknown-elf/lib/libgloss.a(riscv_libgloss_a-sys_read.o)
                              /opt/riscv32i/lib/gcc/riscv32-unknown-elf/13.2.0/../../../../riscv32-unknown-elf/lib/libc.a(libc_a-readr.o) (_read)
/opt/riscv32i/lib/gcc/riscv32-unknown-elf/13.2.0/../../../../riscv32-unknown-elf/lib/libgloss.a(riscv_libgloss_a-sys_sbrk.o)
                              /opt/riscv32i/lib/gcc/riscv32-unknown-elf/13.2.0/../../../../riscv32-unknown-elf/lib/libc.a(libc_a-sbrkr.o) (_sbrk)
/opt/riscv32i/lib/gcc/riscv32-unknown-elf/13.2.0/../../../../riscv32-unknown-elf/lib/libgloss.a(riscv_libgloss_a-sys_write.o)
                              /opt/riscv32i/lib/gcc/riscv32-unknown-elf/13.2.0/../../../../riscv32-unknown-elf/lib/libc.a(libc_a-writer.o) (_write)
/opt/riscv32i/lib/gcc/riscv32-unknown-elf/13.2.0/../../../../riscv32-unknown-elf/lib/libc.a(libc_a-errno.o)
                              /opt/riscv32i/lib/gcc/riscv32-unknown-elf/13.2.0/../../../../riscv32-unknown-elf/lib/libgloss.a(riscv_libgloss_a-sys_close.o) (__errno)

There are no discarded input sections

Memory Configuration

Name             Origin             Length             Attributes
ROM              0xc0000000         0x00010000         axrl!w
RAM              0x00000000         0x40000000         axw!rl
*default*        0x00000000         0xffffffff

Linker script and memory map

LOAD /opt/riscv32i/lib/gcc/riscv32-unknown-elf/13.2.0/../../../../riscv32-unknown-elf/lib/crt0.o
LOAD /opt/riscv32i/lib/gcc/riscv32-unknown-elf/13.2.0/crtbegin.o
LOAD /tmp/cc69QnxE.o

.text           0xc0000000     0x1ef8
                0xc0000000                        . = ALIGN (0x8)
 *(.text)
 .text          0xc0000000       0x50 /opt/riscv32i/lib/gcc/riscv32-unknown-elf/13.2.0/../../../../riscv32-unknown-elf/lib/crt0.o
                0xc0000000                _start
 .text          0xc0000050       0x5c /opt/riscv32i/lib/gcc/riscv32-unknown-elf/13.2.0/crtbegin.o
 .text          0xc00000ac       0x20 /tmp/cc69QnxE.o
                0xc00000ac                main
 .text          0xc00000cc        0x0 /opt/riscv32i/lib/gcc/riscv32-unknown-elf/13.2.0/../../../../riscv32-unknown-elf/lib/libc.a(libc_a-exit.o)
 .text          0xc00000cc        0x0 /opt/riscv32i/lib/gcc/riscv32-unknown-elf/13.2.0/../../../../riscv32-unknown-elf/lib/libc.a(libc_a-findfp.o)
 .text          0xc00000cc        0x0 /opt/riscv32i/lib/gcc/riscv32-unknown-elf/13.2.0/../../../../riscv32-unknown-elf/lib/libc.a(libc_a-fwalk.o)
 .text          0xc00000cc        0x0 /opt/riscv32i/lib/gcc/riscv32-unknown-elf/13.2.0/../../../../riscv32-unknown-elf/lib/libc.a(libc_a-stdio.o)
 .text          0xc00000cc        0x0 /opt/riscv32i/lib/gcc/riscv32-unknown-elf/13.2.0/../../../../riscv32-unknown-elf/lib/libc.a(libc_a-closer.o)
 .text          0xc00000cc        0x0 /opt/riscv32i/lib/gcc/riscv32-unknown-elf/13.2.0/../../../../riscv32-unknown-elf/lib/libc.a(libc_a-reent.o)
 .text          0xc00000cc        0x0 /opt/riscv32i/lib/gcc/riscv32-unknown-elf/13.2.0/../../../../riscv32-unknown-elf/lib/libc.a(libc_a-impure.o)
 .text          0xc00000cc        0x0 /opt/riscv32i/lib/gcc/riscv32-unknown-elf/13.2.0/../../../../riscv32-unknown-elf/lib/libc.a(libc_a-lseekr.o)
 .text          0xc00000cc        0x0 /opt/riscv32i/lib/gcc/riscv32-unknown-elf/13.2.0/../../../../riscv32-unknown-elf/lib/libc.a(libc_a-readr.o)
 .text          0xc00000cc        0x0 /opt/riscv32i/lib/gcc/riscv32-unknown-elf/13.2.0/../../../../riscv32-unknown-elf/lib/libc.a(libc_a-writer.o)
 .text          0xc00000cc        0x0 /opt/riscv32i/lib/gcc/riscv32-unknown-elf/13.2.0/../../../../riscv32-unknown-elf/lib/libc.a(libc_a-init.o)
 .text          0xc00000cc       0xdc /opt/riscv32i/lib/gcc/riscv32-unknown-elf/13.2.0/../../../../riscv32-unknown-elf/lib/libc.a(libc_a-memset.o)
                0xc00000cc                memset
 .text          0xc00001a8        0x0 /opt/riscv32i/lib/gcc/riscv32-unknown-elf/13.2.0/../../../../riscv32-unknown-elf/lib/libc.a(libc_a-__call_atexit.o)
 .text          0xc00001a8        0x0 /opt/riscv32i/lib/gcc/riscv32-unknown-elf/13.2.0/../../../../riscv32-unknown-elf/lib/libc.a(libc_a-atexit.o)
 .text          0xc00001a8        0x0 /opt/riscv32i/lib/gcc/riscv32-unknown-elf/13.2.0/../../../../riscv32-unknown-elf/lib/libc.a(libc_a-freer.o)
 .text          0xc00001a8        0x0 /opt/riscv32i/lib/gcc/riscv32-unknown-elf/13.2.0/../../../../riscv32-unknown-elf/lib/libc.a(libc_a-mallocr.o)
 .text          0xc00001a8        0x0 /opt/riscv32i/lib/gcc/riscv32-unknown-elf/13.2.0/../../../../riscv32-unknown-elf/lib/libc.a(libc_a-mlock.o)
 .text          0xc00001a8        0x0 /opt/riscv32i/lib/gcc/riscv32-unknown-elf/13.2.0/../../../../riscv32-unknown-elf/lib/libc.a(libc_a-fclose.o)
 .text          0xc00001a8        0x0 /opt/riscv32i/lib/gcc/riscv32-unknown-elf/13.2.0/../../../../riscv32-unknown-elf/lib/libc.a(libc_a-fflush.o)
 .text          0xc00001a8        0x0 /opt/riscv32i/lib/gcc/riscv32-unknown-elf/13.2.0/../../../../riscv32-unknown-elf/lib/libc.a(libc_a-sbrkr.o)
 .text          0xc00001a8        0x0 /opt/riscv32i/lib/gcc/riscv32-unknown-elf/13.2.0/../../../../riscv32-unknown-elf/lib/libc.a(libc_a-fini.o)
 .text          0xc00001a8        0x0 /opt/riscv32i/lib/gcc/riscv32-unknown-elf/13.2.0/../../../../riscv32-unknown-elf/lib/libc.a(libc_a-__atexit.o)
 .text          0xc00001a8        0x0 /opt/riscv32i/lib/gcc/riscv32-unknown-elf/13.2.0/../../../../riscv32-unknown-elf/lib/libgloss.a(riscv_libgloss_a-sys_close.o)
 .text          0xc00001a8        0x0 /opt/riscv32i/lib/gcc/riscv32-unknown-elf/13.2.0/../../../../riscv32-unknown-elf/lib/libgloss.a(riscv_libgloss_a-sys_exit.o)
 .text          0xc00001a8        0x0 /opt/riscv32i/lib/gcc/riscv32-unknown-elf/13.2.0/../../../../riscv32-unknown-elf/lib/libgloss.a(riscv_libgloss_a-sys_lseek.o)
 .text          0xc00001a8        0x0 /opt/riscv32i/lib/gcc/riscv32-unknown-elf/13.2.0/../../../../riscv32-unknown-elf/lib/libgloss.a(riscv_libgloss_a-sys_read.o)
 .text          0xc00001a8        0x0 /opt/riscv32i/lib/gcc/riscv32-unknown-elf/13.2.0/../../../../riscv32-unknown-elf/lib/libgloss.a(riscv_libgloss_a-sys_sbrk.o)
 .text          0xc00001a8        0x0 /opt/riscv32i/lib/gcc/riscv32-unknown-elf/13.2.0/../../../../riscv32-unknown-elf/lib/libgloss.a(riscv_libgloss_a-sys_write.o)
 .text          0xc00001a8        0x0 /opt/riscv32i/lib/gcc/riscv32-unknown-elf/13.2.0/../../../../riscv32-unknown-elf/lib/libc.a(libc_a-errno.o)
 .text          0xc00001a8        0x0 /opt/riscv32i/lib/gcc/riscv32-unknown-elf/13.2.0/crtend.o
 *(.text*)
 .text.exit     0xc00001a8       0x30 /opt/riscv32i/lib/gcc/riscv32-unknown-elf/13.2.0/../../../../riscv32-unknown-elf/lib/libc.a(libc_a-exit.o)
                0xc00001a8                exit
 .text.__fp_lock
                0xc00001d8        0x8 /opt/riscv32i/lib/gcc/riscv32-unknown-elf/13.2.0/../../../../riscv32-unknown-elf/lib/libc.a(libc_a-findfp.o)
 .text.stdio_exit_handler
                0xc00001e0       0x14 /opt/riscv32i/lib/gcc/riscv32-unknown-elf/13.2.0/../../../../riscv32-unknown-elf/lib/libc.a(libc_a-findfp.o)
 .text.cleanup_stdio
                0xc00001f4       0x64 /opt/riscv32i/lib/gcc/riscv32-unknown-elf/13.2.0/../../../../riscv32-unknown-elf/lib/libc.a(libc_a-findfp.o)
 .text.__fp_unlock
                0xc0000258        0x8 /opt/riscv32i/lib/gcc/riscv32-unknown-elf/13.2.0/../../../../riscv32-unknown-elf/lib/libc.a(libc_a-findfp.o)
 .text.global_stdio_init.part.0
                0xc0000260      0x158 /opt/riscv32i/lib/gcc/riscv32-unknown-elf/13.2.0/../../../../riscv32-unknown-elf/lib/libc.a(libc_a-findfp.o)
 .text.__sfp    0xc00003b8      0x128 /opt/riscv32i/lib/gcc/riscv32-unknown-elf/13.2.0/../../../../riscv32-unknown-elf/lib/libc.a(libc_a-findfp.o)
                0xc00003b8                __sfp
 .text.__sinit  0xc00004e0       0x28 /opt/riscv32i/lib/gcc/riscv32-unknown-elf/13.2.0/../../../../riscv32-unknown-elf/lib/libc.a(libc_a-findfp.o)
                0xc00004e0                __sinit
 .text.__sfp_lock_acquire
                0xc0000508        0x4 /opt/riscv32i/lib/gcc/riscv32-unknown-elf/13.2.0/../../../../riscv32-unknown-elf/lib/libc.a(libc_a-findfp.o)
                0xc0000508                __sfp_lock_acquire
 .text.__sfp_lock_release
                0xc000050c        0x4 /opt/riscv32i/lib/gcc/riscv32-unknown-elf/13.2.0/../../../../riscv32-unknown-elf/lib/libc.a(libc_a-findfp.o)
                0xc000050c                __sfp_lock_release
 .text.__fp_lock_all
                0xc0000510       0x14 /opt/riscv32i/lib/gcc/riscv32-unknown-elf/13.2.0/../../../../riscv32-unknown-elf/lib/libc.a(libc_a-findfp.o)
                0xc0000510                __fp_lock_all
 .text.__fp_unlock_all
                0xc0000524       0x14 /opt/riscv32i/lib/gcc/riscv32-unknown-elf/13.2.0/../../../../riscv32-unknown-elf/lib/libc.a(libc_a-findfp.o)
                0xc0000524                __fp_unlock_all
 .text._fwalk_sglue
                0xc0000538       0xb4 /opt/riscv32i/lib/gcc/riscv32-unknown-elf/13.2.0/../../../../riscv32-unknown-elf/lib/libc.a(libc_a-fwalk.o)
                0xc0000538                _fwalk_sglue
 .text.__sread  0xc00005ec       0x5c /opt/riscv32i/lib/gcc/riscv32-unknown-elf/13.2.0/../../../../riscv32-unknown-elf/lib/libc.a(libc_a-stdio.o)
                0xc00005ec                __sread
 .text.__seofread
                0xc0000648        0x8 /opt/riscv32i/lib/gcc/riscv32-unknown-elf/13.2.0/../../../../riscv32-unknown-elf/lib/libc.a(libc_a-stdio.o)
                0xc0000648                __seofread
 .text.__swrite
                0xc0000650       0x88 /opt/riscv32i/lib/gcc/riscv32-unknown-elf/13.2.0/../../../../riscv32-unknown-elf/lib/libc.a(libc_a-stdio.o)
                0xc0000650                __swrite
 .text.__sseek  0xc00006d8       0x78 /opt/riscv32i/lib/gcc/riscv32-unknown-elf/13.2.0/../../../../riscv32-unknown-elf/lib/libc.a(libc_a-stdio.o)
                0xc00006d8                __sseek
 .text.__sclose
                0xc0000750        0x8 /opt/riscv32i/lib/gcc/riscv32-unknown-elf/13.2.0/../../../../riscv32-unknown-elf/lib/libc.a(libc_a-stdio.o)
                0xc0000750                __sclose
 .text._close_r
                0xc0000758       0x60 /opt/riscv32i/lib/gcc/riscv32-unknown-elf/13.2.0/../../../../riscv32-unknown-elf/lib/libc.a(libc_a-closer.o)
                0xc0000758                _close_r
 .text._reclaim_reent
                0xc00007b8       0xc4 /opt/riscv32i/lib/gcc/riscv32-unknown-elf/13.2.0/../../../../riscv32-unknown-elf/lib/libc.a(libc_a-reent.o)
                0xc00007b8                _reclaim_reent
 .text._lseek_r
                0xc000087c       0x6c /opt/riscv32i/lib/gcc/riscv32-unknown-elf/13.2.0/../../../../riscv32-unknown-elf/lib/libc.a(libc_a-lseekr.o)
                0xc000087c                _lseek_r
 .text._read_r  0xc00008e8       0x6c /opt/riscv32i/lib/gcc/riscv32-unknown-elf/13.2.0/../../../../riscv32-unknown-elf/lib/libc.a(libc_a-readr.o)
                0xc00008e8                _read_r
 .text._write_r
                0xc0000954       0x6c /opt/riscv32i/lib/gcc/riscv32-unknown-elf/13.2.0/../../../../riscv32-unknown-elf/lib/libc.a(libc_a-writer.o)
                0xc0000954                _write_r
 .text.__libc_init_array
                0xc00009c0       0x8c /opt/riscv32i/lib/gcc/riscv32-unknown-elf/13.2.0/../../../../riscv32-unknown-elf/lib/libc.a(libc_a-init.o)
                0xc00009c0                __libc_init_array
 .text.startup.register_fini
                0xc0000a4c       0x18 /opt/riscv32i/lib/gcc/riscv32-unknown-elf/13.2.0/../../../../riscv32-unknown-elf/lib/libc.a(libc_a-__call_atexit.o)
 .text.__call_exitprocs
                0xc0000a64      0x138 /opt/riscv32i/lib/gcc/riscv32-unknown-elf/13.2.0/../../../../riscv32-unknown-elf/lib/libc.a(libc_a-__call_atexit.o)
                0xc0000a64                __call_exitprocs
 .text.atexit   0xc0000b9c       0x14 /opt/riscv32i/lib/gcc/riscv32-unknown-elf/13.2.0/../../../../riscv32-unknown-elf/lib/libc.a(libc_a-atexit.o)
                0xc0000b9c                atexit
 .text._malloc_trim_r
                0xc0000bb0      0x134 /opt/riscv32i/lib/gcc/riscv32-unknown-elf/13.2.0/../../../../riscv32-unknown-elf/lib/libc.a(libc_a-freer.o)
                0xc0000bb0                _malloc_trim_r
 .text._free_r  0xc0000ce4      0x2fc /opt/riscv32i/lib/gcc/riscv32-unknown-elf/13.2.0/../../../../riscv32-unknown-elf/lib/libc.a(libc_a-freer.o)
                0xc0000ce4                _free_r
 .text._malloc_r
                0xc0000fe0      0x7bc /opt/riscv32i/lib/gcc/riscv32-unknown-elf/13.2.0/../../../../riscv32-unknown-elf/lib/libc.a(libc_a-mallocr.o)
                0xc0000fe0                _malloc_r
 .text.__malloc_lock
                0xc000179c        0x4 /opt/riscv32i/lib/gcc/riscv32-unknown-elf/13.2.0/../../../../riscv32-unknown-elf/lib/libc.a(libc_a-mlock.o)
                0xc000179c                __malloc_lock
 .text.__malloc_unlock
                0xc00017a0        0x4 /opt/riscv32i/lib/gcc/riscv32-unknown-elf/13.2.0/../../../../riscv32-unknown-elf/lib/libc.a(libc_a-mlock.o)
                0xc00017a0                __malloc_unlock
 .text._fclose_r
                0xc00017a4      0x108 /opt/riscv32i/lib/gcc/riscv32-unknown-elf/13.2.0/../../../../riscv32-unknown-elf/lib/libc.a(libc_a-fclose.o)
                0xc00017a4                _fclose_r
 .text.fclose   0xc00018ac        0xc /opt/riscv32i/lib/gcc/riscv32-unknown-elf/13.2.0/../../../../riscv32-unknown-elf/lib/libc.a(libc_a-fclose.o)
                0xc00018ac                fclose
 .text.__sflush_r
                0xc00018b8      0x24c /opt/riscv32i/lib/gcc/riscv32-unknown-elf/13.2.0/../../../../riscv32-unknown-elf/lib/libc.a(libc_a-fflush.o)
                0xc00018b8                __sflush_r
 .text._fflush_r
                0xc0001b04       0x5c /opt/riscv32i/lib/gcc/riscv32-unknown-elf/13.2.0/../../../../riscv32-unknown-elf/lib/libc.a(libc_a-fflush.o)
                0xc0001b04                _fflush_r
 .text.fflush   0xc0001b60       0x80 /opt/riscv32i/lib/gcc/riscv32-unknown-elf/13.2.0/../../../../riscv32-unknown-elf/lib/libc.a(libc_a-fflush.o)
                0xc0001b60                fflush
 .text._sbrk_r  0xc0001be0       0x60 /opt/riscv32i/lib/gcc/riscv32-unknown-elf/13.2.0/../../../../riscv32-unknown-elf/lib/libc.a(libc_a-sbrkr.o)
                0xc0001be0                _sbrk_r
 .text.__libc_fini_array
                0xc0001c40       0x54 /opt/riscv32i/lib/gcc/riscv32-unknown-elf/13.2.0/../../../../riscv32-unknown-elf/lib/libc.a(libc_a-fini.o)
                0xc0001c40                __libc_fini_array
 .text.__register_exitproc
                0xc0001c94       0x9c /opt/riscv32i/lib/gcc/riscv32-unknown-elf/13.2.0/../../../../riscv32-unknown-elf/lib/libc.a(libc_a-__atexit.o)
                0xc0001c94                __register_exitproc
 .text._close   0xc0001d30       0x44 /opt/riscv32i/lib/gcc/riscv32-unknown-elf/13.2.0/../../../../riscv32-unknown-elf/lib/libgloss.a(riscv_libgloss_a-sys_close.o)
                0xc0001d30                _close
 .text._exit    0xc0001d74       0x30 /opt/riscv32i/lib/gcc/riscv32-unknown-elf/13.2.0/../../../../riscv32-unknown-elf/lib/libgloss.a(riscv_libgloss_a-sys_exit.o)
                0xc0001d74                _exit
 .text._lseek   0xc0001da4       0x44 /opt/riscv32i/lib/gcc/riscv32-unknown-elf/13.2.0/../../../../riscv32-unknown-elf/lib/libgloss.a(riscv_libgloss_a-sys_lseek.o)
                0xc0001da4                _lseek
 .text._read    0xc0001de8       0x44 /opt/riscv32i/lib/gcc/riscv32-unknown-elf/13.2.0/../../../../riscv32-unknown-elf/lib/libgloss.a(riscv_libgloss_a-sys_read.o)
                0xc0001de8                _read
 .text._sbrk    0xc0001e2c       0x7c /opt/riscv32i/lib/gcc/riscv32-unknown-elf/13.2.0/../../../../riscv32-unknown-elf/lib/libgloss.a(riscv_libgloss_a-sys_sbrk.o)
                0xc0001e2c                _sbrk
 .text._write   0xc0001ea8       0x44 /opt/riscv32i/lib/gcc/riscv32-unknown-elf/13.2.0/../../../../riscv32-unknown-elf/lib/libgloss.a(riscv_libgloss_a-sys_write.o)
                0xc0001ea8                _write
 .text.__errno  0xc0001eec        0x8 /opt/riscv32i/lib/gcc/riscv32-unknown-elf/13.2.0/../../../../riscv32-unknown-elf/lib/libc.a(libc_a-errno.o)
                0xc0001eec                __errno
                0xc0001ef8                        . = ALIGN (0x8)
 *fill*         0xc0001ef4        0x4 

.rela.dyn       0xc0001ef8        0x0
 .rela.text     0xc0001ef8        0x0 /opt/riscv32i/lib/gcc/riscv32-unknown-elf/13.2.0/../../../../riscv32-unknown-elf/lib/crt0.o
 .rela.text.__libc_init_array
                0xc0001ef8        0x0 /opt/riscv32i/lib/gcc/riscv32-unknown-elf/13.2.0/../../../../riscv32-unknown-elf/lib/crt0.o
 .rela.text.startup.register_fini
                0xc0001ef8        0x0 /opt/riscv32i/lib/gcc/riscv32-unknown-elf/13.2.0/../../../../riscv32-unknown-elf/lib/crt0.o
 .rela.text.__libc_fini_array
                0xc0001ef8        0x0 /opt/riscv32i/lib/gcc/riscv32-unknown-elf/13.2.0/../../../../riscv32-unknown-elf/lib/crt0.o

.data           0x00000000        0x0 load address 0xc0001ef8
                0x00000000                        . = ALIGN (0x8)
                0x00000000                        PROVIDE (__global_pointer$ = .)
 *(.data)
 .data          0x00000000        0x0 /opt/riscv32i/lib/gcc/riscv32-unknown-elf/13.2.0/../../../../riscv32-unknown-elf/lib/crt0.o
 .data          0x00000000        0x0 /opt/riscv32i/lib/gcc/riscv32-unknown-elf/13.2.0/crtbegin.o
 .data          0x00000000        0x0 /tmp/cc69QnxE.o
 .data          0x00000000        0x0 /opt/riscv32i/lib/gcc/riscv32-unknown-elf/13.2.0/../../../../riscv32-unknown-elf/lib/libc.a(libc_a-exit.o)
 .data          0x00000000        0x0 /opt/riscv32i/lib/gcc/riscv32-unknown-elf/13.2.0/../../../../riscv32-unknown-elf/lib/libc.a(libc_a-findfp.o)
 .data          0x00000000        0x0 /opt/riscv32i/lib/gcc/riscv32-unknown-elf/13.2.0/../../../../riscv32-unknown-elf/lib/libc.a(libc_a-fwalk.o)
 .data          0x00000000        0x0 /opt/riscv32i/lib/gcc/riscv32-unknown-elf/13.2.0/../../../../riscv32-unknown-elf/lib/libc.a(libc_a-stdio.o)
 .data          0x00000000        0x0 /opt/riscv32i/lib/gcc/riscv32-unknown-elf/13.2.0/../../../../riscv32-unknown-elf/lib/libc.a(libc_a-closer.o)
 .data          0x00000000        0x0 /opt/riscv32i/lib/gcc/riscv32-unknown-elf/13.2.0/../../../../riscv32-unknown-elf/lib/libc.a(libc_a-reent.o)
 .data          0x00000000        0x0 /opt/riscv32i/lib/gcc/riscv32-unknown-elf/13.2.0/../../../../riscv32-unknown-elf/lib/libc.a(libc_a-impure.o)
 .data          0x00000000        0x0 /opt/riscv32i/lib/gcc/riscv32-unknown-elf/13.2.0/../../../../riscv32-unknown-elf/lib/libc.a(libc_a-lseekr.o)
 .data          0x00000000        0x0 /opt/riscv32i/lib/gcc/riscv32-unknown-elf/13.2.0/../../../../riscv32-unknown-elf/lib/libc.a(libc_a-readr.o)
 .data          0x00000000        0x0 /opt/riscv32i/lib/gcc/riscv32-unknown-elf/13.2.0/../../../../riscv32-unknown-elf/lib/libc.a(libc_a-writer.o)
 .data          0x00000000        0x0 /opt/riscv32i/lib/gcc/riscv32-unknown-elf/13.2.0/../../../../riscv32-unknown-elf/lib/libc.a(libc_a-init.o)
 .data          0x00000000        0x0 /opt/riscv32i/lib/gcc/riscv32-unknown-elf/13.2.0/../../../../riscv32-unknown-elf/lib/libc.a(libc_a-memset.o)
 .data          0x00000000        0x0 /opt/riscv32i/lib/gcc/riscv32-unknown-elf/13.2.0/../../../../riscv32-unknown-elf/lib/libc.a(libc_a-__call_atexit.o)
 .data          0x00000000        0x0 /opt/riscv32i/lib/gcc/riscv32-unknown-elf/13.2.0/../../../../riscv32-unknown-elf/lib/libc.a(libc_a-atexit.o)
 .data          0x00000000        0x0 /opt/riscv32i/lib/gcc/riscv32-unknown-elf/13.2.0/../../../../riscv32-unknown-elf/lib/libc.a(libc_a-freer.o)
 .data          0x00000000        0x0 /opt/riscv32i/lib/gcc/riscv32-unknown-elf/13.2.0/../../../../riscv32-unknown-elf/lib/libc.a(libc_a-mallocr.o)
 .data          0x00000000        0x0 /opt/riscv32i/lib/gcc/riscv32-unknown-elf/13.2.0/../../../../riscv32-unknown-elf/lib/libc.a(libc_a-mlock.o)
 .data          0x00000000        0x0 /opt/riscv32i/lib/gcc/riscv32-unknown-elf/13.2.0/../../../../riscv32-unknown-elf/lib/libc.a(libc_a-fclose.o)
 .data          0x00000000        0x0 /opt/riscv32i/lib/gcc/riscv32-unknown-elf/13.2.0/../../../../riscv32-unknown-elf/lib/libc.a(libc_a-fflush.o)
 .data          0x00000000        0x0 /opt/riscv32i/lib/gcc/riscv32-unknown-elf/13.2.0/../../../../riscv32-unknown-elf/lib/libc.a(libc_a-sbrkr.o)
 .data          0x00000000        0x0 /opt/riscv32i/lib/gcc/riscv32-unknown-elf/13.2.0/../../../../riscv32-unknown-elf/lib/libc.a(libc_a-fini.o)
 .data          0x00000000        0x0 /opt/riscv32i/lib/gcc/riscv32-unknown-elf/13.2.0/../../../../riscv32-unknown-elf/lib/libc.a(libc_a-__atexit.o)
 .data          0x00000000        0x0 /opt/riscv32i/lib/gcc/riscv32-unknown-elf/13.2.0/../../../../riscv32-unknown-elf/lib/libgloss.a(riscv_libgloss_a-sys_close.o)
 .data          0x00000000        0x0 /opt/riscv32i/lib/gcc/riscv32-unknown-elf/13.2.0/../../../../riscv32-unknown-elf/lib/libgloss.a(riscv_libgloss_a-sys_exit.o)
 .data          0x00000000        0x0 /opt/riscv32i/lib/gcc/riscv32-unknown-elf/13.2.0/../../../../riscv32-unknown-elf/lib/libgloss.a(riscv_libgloss_a-sys_lseek.o)
 .data          0x00000000        0x0 /opt/riscv32i/lib/gcc/riscv32-unknown-elf/13.2.0/../../../../riscv32-unknown-elf/lib/libgloss.a(riscv_libgloss_a-sys_read.o)
 .data          0x00000000        0x0 /opt/riscv32i/lib/gcc/riscv32-unknown-elf/13.2.0/../../../../riscv32-unknown-elf/lib/libgloss.a(riscv_libgloss_a-sys_sbrk.o)
 .data          0x00000000        0x0 /opt/riscv32i/lib/gcc/riscv32-unknown-elf/13.2.0/../../../../riscv32-unknown-elf/lib/libgloss.a(riscv_libgloss_a-sys_write.o)
 .data          0x00000000        0x0 /opt/riscv32i/lib/gcc/riscv32-unknown-elf/13.2.0/../../../../riscv32-unknown-elf/lib/libc.a(libc_a-errno.o)
 .data          0x00000000        0x0 /opt/riscv32i/lib/gcc/riscv32-unknown-elf/13.2.0/crtend.o

.eh_frame       0x00000000        0x4 load address 0xc0001ef8
 .eh_frame      0x00000000        0x0 /opt/riscv32i/lib/gcc/riscv32-unknown-elf/13.2.0/crtbegin.o
 .eh_frame      0x00000000        0x4 /opt/riscv32i/lib/gcc/riscv32-unknown-elf/13.2.0/crtend.o

.sdata          0x00000004        0x4 load address 0xc0001efc
 .sdata         0x00000004        0x4 /opt/riscv32i/lib/gcc/riscv32-unknown-elf/13.2.0/crtbegin.o
                0x00000004                __dso_handle

.fini_array     0x00000008        0x4 load address 0xc0001f00
 .fini_array    0x00000008        0x4 /opt/riscv32i/lib/gcc/riscv32-unknown-elf/13.2.0/crtbegin.o

.init_array     0x0000000c        0x4 load address 0xc0001f04
 .init_array    0x0000000c        0x4 /opt/riscv32i/lib/gcc/riscv32-unknown-elf/13.2.0/crtbegin.o

.data.__sglue   0x00000010        0xc load address 0xc0001f08
 .data.__sglue  0x00000010        0xc /opt/riscv32i/lib/gcc/riscv32-unknown-elf/13.2.0/../../../../riscv32-unknown-elf/lib/libc.a(libc_a-findfp.o)
                0x00000010                __sglue

.sdata._impure_ptr
                0x0000001c        0x4 load address 0xc0001f14
 .sdata._impure_ptr
                0x0000001c        0x4 /opt/riscv32i/lib/gcc/riscv32-unknown-elf/13.2.0/../../../../riscv32-unknown-elf/lib/libc.a(libc_a-impure.o)
                0x0000001c                _impure_ptr

.data._impure_data
                0x00000020      0x120 load address 0xc0001f18
 .data._impure_data
                0x00000020      0x120 /opt/riscv32i/lib/gcc/riscv32-unknown-elf/13.2.0/../../../../riscv32-unknown-elf/lib/libc.a(libc_a-impure.o)
                0x00000020                _impure_data

.init_array.00000
                0x00000140        0x4 load address 0xc0002038
 .init_array.00000
                0x00000140        0x4 /opt/riscv32i/lib/gcc/riscv32-unknown-elf/13.2.0/../../../../riscv32-unknown-elf/lib/libc.a(libc_a-__call_atexit.o)

.sdata.__malloc_sbrk_base
                0x00000144        0x4 load address 0xc000203c
 .sdata.__malloc_sbrk_base
                0x00000144        0x4 /opt/riscv32i/lib/gcc/riscv32-unknown-elf/13.2.0/../../../../riscv32-unknown-elf/lib/libc.a(libc_a-mallocr.o)
                0x00000144                __malloc_sbrk_base

.sdata.__malloc_trim_threshold
                0x00000148        0x4 load address 0xc0002040
 .sdata.__malloc_trim_threshold
                0x00000148        0x4 /opt/riscv32i/lib/gcc/riscv32-unknown-elf/13.2.0/../../../../riscv32-unknown-elf/lib/libc.a(libc_a-mallocr.o)
                0x00000148                __malloc_trim_threshold

.data.__malloc_av_
                0x0000014c      0x408 load address 0xc0002044
 .data.__malloc_av_
                0x0000014c      0x408 /opt/riscv32i/lib/gcc/riscv32-unknown-elf/13.2.0/../../../../riscv32-unknown-elf/lib/libc.a(libc_a-mallocr.o)
                0x0000014c                __malloc_av_

.rodata         0xc000244c        0x4
                0xc0002450                        . = ALIGN (0x8)
 *fill*         0xc000244c        0x4 
 *(.rodata)
 *(.rodata*)
                0xc0002450                        . = ALIGN (0x8)

.bss            0x00000554      0x30c
                0x00000554                        PROVIDE (__bss_start = .)
 *(.bss)
 .bss           0x00000554        0x0 /opt/riscv32i/lib/gcc/riscv32-unknown-elf/13.2.0/../../../../riscv32-unknown-elf/lib/crt0.o
 .bss           0x00000554       0x1c /opt/riscv32i/lib/gcc/riscv32-unknown-elf/13.2.0/crtbegin.o
 .bss           0x00000570        0x0 /tmp/cc69QnxE.o
 .bss           0x00000570        0x0 /opt/riscv32i/lib/gcc/riscv32-unknown-elf/13.2.0/../../../../riscv32-unknown-elf/lib/libc.a(libc_a-exit.o)
 .bss           0x00000570        0x0 /opt/riscv32i/lib/gcc/riscv32-unknown-elf/13.2.0/../../../../riscv32-unknown-elf/lib/libc.a(libc_a-findfp.o)
 .bss           0x00000570        0x0 /opt/riscv32i/lib/gcc/riscv32-unknown-elf/13.2.0/../../../../riscv32-unknown-elf/lib/libc.a(libc_a-fwalk.o)
 .bss           0x00000570        0x0 /opt/riscv32i/lib/gcc/riscv32-unknown-elf/13.2.0/../../../../riscv32-unknown-elf/lib/libc.a(libc_a-stdio.o)
 .bss           0x00000570        0x0 /opt/riscv32i/lib/gcc/riscv32-unknown-elf/13.2.0/../../../../riscv32-unknown-elf/lib/libc.a(libc_a-closer.o)
 .bss           0x00000570        0x0 /opt/riscv32i/lib/gcc/riscv32-unknown-elf/13.2.0/../../../../riscv32-unknown-elf/lib/libc.a(libc_a-reent.o)
 .bss           0x00000570        0x0 /opt/riscv32i/lib/gcc/riscv32-unknown-elf/13.2.0/../../../../riscv32-unknown-elf/lib/libc.a(libc_a-impure.o)
 .bss           0x00000570        0x0 /opt/riscv32i/lib/gcc/riscv32-unknown-elf/13.2.0/../../../../riscv32-unknown-elf/lib/libc.a(libc_a-lseekr.o)
 .bss           0x00000570        0x0 /opt/riscv32i/lib/gcc/riscv32-unknown-elf/13.2.0/../../../../riscv32-unknown-elf/lib/libc.a(libc_a-readr.o)
 .bss           0x00000570        0x0 /opt/riscv32i/lib/gcc/riscv32-unknown-elf/13.2.0/../../../../riscv32-unknown-elf/lib/libc.a(libc_a-writer.o)
 .bss           0x00000570        0x0 /opt/riscv32i/lib/gcc/riscv32-unknown-elf/13.2.0/../../../../riscv32-unknown-elf/lib/libc.a(libc_a-init.o)
 .bss           0x00000570        0x0 /opt/riscv32i/lib/gcc/riscv32-unknown-elf/13.2.0/../../../../riscv32-unknown-elf/lib/libc.a(libc_a-memset.o)
 .bss           0x00000570        0x0 /opt/riscv32i/lib/gcc/riscv32-unknown-elf/13.2.0/../../../../riscv32-unknown-elf/lib/libc.a(libc_a-__call_atexit.o)
 .bss           0x00000570        0x0 /opt/riscv32i/lib/gcc/riscv32-unknown-elf/13.2.0/../../../../riscv32-unknown-elf/lib/libc.a(libc_a-atexit.o)
 .bss           0x00000570        0x0 /opt/riscv32i/lib/gcc/riscv32-unknown-elf/13.2.0/../../../../riscv32-unknown-elf/lib/libc.a(libc_a-freer.o)
 .bss           0x00000570        0x0 /opt/riscv32i/lib/gcc/riscv32-unknown-elf/13.2.0/../../../../riscv32-unknown-elf/lib/libc.a(libc_a-mallocr.o)
 .bss           0x00000570        0x0 /opt/riscv32i/lib/gcc/riscv32-unknown-elf/13.2.0/../../../../riscv32-unknown-elf/lib/libc.a(libc_a-mlock.o)
 .bss           0x00000570        0x0 /opt/riscv32i/lib/gcc/riscv32-unknown-elf/13.2.0/../../../../riscv32-unknown-elf/lib/libc.a(libc_a-fclose.o)
 .bss           0x00000570        0x0 /opt/riscv32i/lib/gcc/riscv32-unknown-elf/13.2.0/../../../../riscv32-unknown-elf/lib/libc.a(libc_a-fflush.o)
 .bss           0x00000570        0x0 /opt/riscv32i/lib/gcc/riscv32-unknown-elf/13.2.0/../../../../riscv32-unknown-elf/lib/libc.a(libc_a-sbrkr.o)
 .bss           0x00000570        0x0 /opt/riscv32i/lib/gcc/riscv32-unknown-elf/13.2.0/../../../../riscv32-unknown-elf/lib/libc.a(libc_a-fini.o)
 .bss           0x00000570        0x0 /opt/riscv32i/lib/gcc/riscv32-unknown-elf/13.2.0/../../../../riscv32-unknown-elf/lib/libc.a(libc_a-__atexit.o)
 .bss           0x00000570        0x0 /opt/riscv32i/lib/gcc/riscv32-unknown-elf/13.2.0/../../../../riscv32-unknown-elf/lib/libgloss.a(riscv_libgloss_a-sys_close.o)
 .bss           0x00000570        0x0 /opt/riscv32i/lib/gcc/riscv32-unknown-elf/13.2.0/../../../../riscv32-unknown-elf/lib/libgloss.a(riscv_libgloss_a-sys_exit.o)
 .bss           0x00000570        0x0 /opt/riscv32i/lib/gcc/riscv32-unknown-elf/13.2.0/../../../../riscv32-unknown-elf/lib/libgloss.a(riscv_libgloss_a-sys_lseek.o)
 .bss           0x00000570        0x0 /opt/riscv32i/lib/gcc/riscv32-unknown-elf/13.2.0/../../../../riscv32-unknown-elf/lib/libgloss.a(riscv_libgloss_a-sys_read.o)
 .bss           0x00000570        0x0 /opt/riscv32i/lib/gcc/riscv32-unknown-elf/13.2.0/../../../../riscv32-unknown-elf/lib/libgloss.a(riscv_libgloss_a-sys_sbrk.o)
 .bss           0x00000570        0x0 /opt/riscv32i/lib/gcc/riscv32-unknown-elf/13.2.0/../../../../riscv32-unknown-elf/lib/libgloss.a(riscv_libgloss_a-sys_write.o)
 .bss           0x00000570        0x0 /opt/riscv32i/lib/gcc/riscv32-unknown-elf/13.2.0/../../../../riscv32-unknown-elf/lib/libc.a(libc_a-errno.o)
 .bss           0x00000570        0x0 /opt/riscv32i/lib/gcc/riscv32-unknown-elf/13.2.0/crtend.o
 *(.bss*)
 .bss.__sf      0x00000570      0x138 /opt/riscv32i/lib/gcc/riscv32-unknown-elf/13.2.0/../../../../riscv32-unknown-elf/lib/libc.a(libc_a-findfp.o)
                0x00000570                __sf
 .bss.__malloc_current_mallinfo
                0x000006a8       0x28 /opt/riscv32i/lib/gcc/riscv32-unknown-elf/13.2.0/../../../../riscv32-unknown-elf/lib/libc.a(libc_a-mallocr.o)
                0x000006a8                __malloc_current_mallinfo
 .bss.__atexit0
                0x000006d0      0x190 /opt/riscv32i/lib/gcc/riscv32-unknown-elf/13.2.0/../../../../riscv32-unknown-elf/lib/libc.a(libc_a-__atexit.o)
                0x000006d0                __atexit0
                [!provide]                        PROVIDE (__bss_end = .)
                0x00000860                        PROVIDE (_end = .)
LOAD /opt/riscv32i/lib/gcc/riscv32-unknown-elf/13.2.0/libgcc.a
START GROUP
LOAD /opt/riscv32i/lib/gcc/riscv32-unknown-elf/13.2.0/../../../../riscv32-unknown-elf/lib/libc.a
LOAD /opt/riscv32i/lib/gcc/riscv32-unknown-elf/13.2.0/../../../../riscv32-unknown-elf/lib/libgloss.a
END GROUP
LOAD /opt/riscv32i/lib/gcc/riscv32-unknown-elf/13.2.0/libgcc.a
LOAD /opt/riscv32i/lib/gcc/riscv32-unknown-elf/13.2.0/crtend.o
OUTPUT(main.elf elf32-littleriscv)

.sbss.__stdio_exit_handler
                0x00000860        0x4
 .sbss.__stdio_exit_handler
                0x00000860        0x4 /opt/riscv32i/lib/gcc/riscv32-unknown-elf/13.2.0/../../../../riscv32-unknown-elf/lib/libc.a(libc_a-findfp.o)
                0x00000860                __stdio_exit_handler

.sbss.errno     0x00000864        0x4
 .sbss.errno    0x00000864        0x4 /opt/riscv32i/lib/gcc/riscv32-unknown-elf/13.2.0/../../../../riscv32-unknown-elf/lib/libc.a(libc_a-reent.o)
                0x00000864                errno

.sbss.__atexit  0x00000868        0x4
 .sbss.__atexit
                0x00000868        0x4 /opt/riscv32i/lib/gcc/riscv32-unknown-elf/13.2.0/../../../../riscv32-unknown-elf/lib/libc.a(libc_a-__call_atexit.o)
                0x00000868                __atexit

.sbss.__malloc_max_total_mem
                0x0000086c        0x4
 .sbss.__malloc_max_total_mem
                0x0000086c        0x4 /opt/riscv32i/lib/gcc/riscv32-unknown-elf/13.2.0/../../../../riscv32-unknown-elf/lib/libc.a(libc_a-mallocr.o)
                0x0000086c                __malloc_max_total_mem

.sbss.__malloc_max_sbrked_mem
                0x00000870        0x4
 .sbss.__malloc_max_sbrked_mem
                0x00000870        0x4 /opt/riscv32i/lib/gcc/riscv32-unknown-elf/13.2.0/../../../../riscv32-unknown-elf/lib/libc.a(libc_a-mallocr.o)
                0x00000870                __malloc_max_sbrked_mem

.sbss.__malloc_top_pad
                0x00000874        0x4
 .sbss.__malloc_top_pad
                0x00000874        0x4 /opt/riscv32i/lib/gcc/riscv32-unknown-elf/13.2.0/../../../../riscv32-unknown-elf/lib/libc.a(libc_a-mallocr.o)
                0x00000874                __malloc_top_pad

.sbss.heap_end.0
                0x00000878        0x4
 .sbss.heap_end.0
                0x00000878        0x4 /opt/riscv32i/lib/gcc/riscv32-unknown-elf/13.2.0/../../../../riscv32-unknown-elf/lib/libgloss.a(riscv_libgloss_a-sys_sbrk.o)

.riscv.attributes
                0x00000000       0x1c
 .riscv.attributes
                0x00000000       0x1a /opt/riscv32i/lib/gcc/riscv32-unknown-elf/13.2.0/../../../../riscv32-unknown-elf/lib/crt0.o
 .riscv.attributes
                0x0000001a       0x1c /opt/riscv32i/lib/gcc/riscv32-unknown-elf/13.2.0/crtbegin.o
 .riscv.attributes
                0x00000036       0x1c /tmp/cc69QnxE.o
 .riscv.attributes
                0x00000052       0x1c /opt/riscv32i/lib/gcc/riscv32-unknown-elf/13.2.0/../../../../riscv32-unknown-elf/lib/libc.a(libc_a-exit.o)
 .riscv.attributes
                0x0000006e       0x1c /opt/riscv32i/lib/gcc/riscv32-unknown-elf/13.2.0/../../../../riscv32-unknown-elf/lib/libc.a(libc_a-findfp.o)
 .riscv.attributes
                0x0000008a       0x1c /opt/riscv32i/lib/gcc/riscv32-unknown-elf/13.2.0/../../../../riscv32-unknown-elf/lib/libc.a(libc_a-fwalk.o)
 .riscv.attributes
                0x000000a6       0x1c /opt/riscv32i/lib/gcc/riscv32-unknown-elf/13.2.0/../../../../riscv32-unknown-elf/lib/libc.a(libc_a-stdio.o)
 .riscv.attributes
                0x000000c2       0x1c /opt/riscv32i/lib/gcc/riscv32-unknown-elf/13.2.0/../../../../riscv32-unknown-elf/lib/libc.a(libc_a-closer.o)
 .riscv.attributes
                0x000000de       0x1c /opt/riscv32i/lib/gcc/riscv32-unknown-elf/13.2.0/../../../../riscv32-unknown-elf/lib/libc.a(libc_a-reent.o)
 .riscv.attributes
                0x000000fa       0x1c /opt/riscv32i/lib/gcc/riscv32-unknown-elf/13.2.0/../../../../riscv32-unknown-elf/lib/libc.a(libc_a-impure.o)
 .riscv.attributes
                0x00000116       0x1c /opt/riscv32i/lib/gcc/riscv32-unknown-elf/13.2.0/../../../../riscv32-unknown-elf/lib/libc.a(libc_a-lseekr.o)
 .riscv.attributes
                0x00000132       0x1c /opt/riscv32i/lib/gcc/riscv32-unknown-elf/13.2.0/../../../../riscv32-unknown-elf/lib/libc.a(libc_a-readr.o)
 .riscv.attributes
                0x0000014e       0x1c /opt/riscv32i/lib/gcc/riscv32-unknown-elf/13.2.0/../../../../riscv32-unknown-elf/lib/libc.a(libc_a-writer.o)
 .riscv.attributes
                0x0000016a       0x1c /opt/riscv32i/lib/gcc/riscv32-unknown-elf/13.2.0/../../../../riscv32-unknown-elf/lib/libc.a(libc_a-init.o)
 .riscv.attributes
                0x00000186       0x1a /opt/riscv32i/lib/gcc/riscv32-unknown-elf/13.2.0/../../../../riscv32-unknown-elf/lib/libc.a(libc_a-memset.o)
 .riscv.attributes
                0x000001a0       0x1c /opt/riscv32i/lib/gcc/riscv32-unknown-elf/13.2.0/../../../../riscv32-unknown-elf/lib/libc.a(libc_a-__call_atexit.o)
 .riscv.attributes
                0x000001bc       0x1c /opt/riscv32i/lib/gcc/riscv32-unknown-elf/13.2.0/../../../../riscv32-unknown-elf/lib/libc.a(libc_a-atexit.o)
 .riscv.attributes
                0x000001d8       0x1c /opt/riscv32i/lib/gcc/riscv32-unknown-elf/13.2.0/../../../../riscv32-unknown-elf/lib/libc.a(libc_a-freer.o)
 .riscv.attributes
                0x000001f4       0x1c /opt/riscv32i/lib/gcc/riscv32-unknown-elf/13.2.0/../../../../riscv32-unknown-elf/lib/libc.a(libc_a-mallocr.o)
 .riscv.attributes
                0x00000210       0x1c /opt/riscv32i/lib/gcc/riscv32-unknown-elf/13.2.0/../../../../riscv32-unknown-elf/lib/libc.a(libc_a-mlock.o)
 .riscv.attributes
                0x0000022c       0x1c /opt/riscv32i/lib/gcc/riscv32-unknown-elf/13.2.0/../../../../riscv32-unknown-elf/lib/libc.a(libc_a-fclose.o)
 .riscv.attributes
                0x00000248       0x1c /opt/riscv32i/lib/gcc/riscv32-unknown-elf/13.2.0/../../../../riscv32-unknown-elf/lib/libc.a(libc_a-fflush.o)
 .riscv.attributes
                0x00000264       0x1c /opt/riscv32i/lib/gcc/riscv32-unknown-elf/13.2.0/../../../../riscv32-unknown-elf/lib/libc.a(libc_a-sbrkr.o)
 .riscv.attributes
                0x00000280       0x1c /opt/riscv32i/lib/gcc/riscv32-unknown-elf/13.2.0/../../../../riscv32-unknown-elf/lib/libc.a(libc_a-fini.o)
 .riscv.attributes
                0x0000029c       0x1c /opt/riscv32i/lib/gcc/riscv32-unknown-elf/13.2.0/../../../../riscv32-unknown-elf/lib/libc.a(libc_a-__atexit.o)
 .riscv.attributes
                0x000002b8       0x1c /opt/riscv32i/lib/gcc/riscv32-unknown-elf/13.2.0/../../../../riscv32-unknown-elf/lib/libgloss.a(riscv_libgloss_a-sys_close.o)
 .riscv.attributes
                0x000002d4       0x1c /opt/riscv32i/lib/gcc/riscv32-unknown-elf/13.2.0/../../../../riscv32-unknown-elf/lib/libgloss.a(riscv_libgloss_a-sys_exit.o)
 .riscv.attributes
                0x000002f0       0x1c /opt/riscv32i/lib/gcc/riscv32-unknown-elf/13.2.0/../../../../riscv32-unknown-elf/lib/libgloss.a(riscv_libgloss_a-sys_lseek.o)
 .riscv.attributes
                0x0000030c       0x1c /opt/riscv32i/lib/gcc/riscv32-unknown-elf/13.2.0/../../../../riscv32-unknown-elf/lib/libgloss.a(riscv_libgloss_a-sys_read.o)
 .riscv.attributes
                0x00000328       0x1c /opt/riscv32i/lib/gcc/riscv32-unknown-elf/13.2.0/../../../../riscv32-unknown-elf/lib/libgloss.a(riscv_libgloss_a-sys_sbrk.o)
 .riscv.attributes
                0x00000344       0x1c /opt/riscv32i/lib/gcc/riscv32-unknown-elf/13.2.0/../../../../riscv32-unknown-elf/lib/libgloss.a(riscv_libgloss_a-sys_write.o)
 .riscv.attributes
                0x00000360       0x1c /opt/riscv32i/lib/gcc/riscv32-unknown-elf/13.2.0/../../../../riscv32-unknown-elf/lib/libc.a(libc_a-errno.o)
 .riscv.attributes
                0x0000037c       0x1c /opt/riscv32i/lib/gcc/riscv32-unknown-elf/13.2.0/crtend.o

.comment        0x00000000       0x2d
 .comment       0x00000000       0x2d /opt/riscv32i/lib/gcc/riscv32-unknown-elf/13.2.0/crtbegin.o
                                 0x1c (size before relaxing)
 .comment       0x0000002d       0x1c /tmp/cc69QnxE.o
 .comment       0x0000002d       0x13 /opt/riscv32i/lib/gcc/riscv32-unknown-elf/13.2.0/../../../../riscv32-unknown-elf/lib/libc.a(libc_a-exit.o)
 .comment       0x0000002d       0x13 /opt/riscv32i/lib/gcc/riscv32-unknown-elf/13.2.0/../../../../riscv32-unknown-elf/lib/libc.a(libc_a-findfp.o)
 .comment       0x0000002d       0x13 /opt/riscv32i/lib/gcc/riscv32-unknown-elf/13.2.0/../../../../riscv32-unknown-elf/lib/libc.a(libc_a-fwalk.o)
 .comment       0x0000002d       0x13 /opt/riscv32i/lib/gcc/riscv32-unknown-elf/13.2.0/../../../../riscv32-unknown-elf/lib/libc.a(libc_a-stdio.o)
 .comment       0x0000002d       0x13 /opt/riscv32i/lib/gcc/riscv32-unknown-elf/13.2.0/../../../../riscv32-unknown-elf/lib/libc.a(libc_a-closer.o)
 .comment       0x0000002d       0x13 /opt/riscv32i/lib/gcc/riscv32-unknown-elf/13.2.0/../../../../riscv32-unknown-elf/lib/libc.a(libc_a-reent.o)
 .comment       0x0000002d       0x13 /opt/riscv32i/lib/gcc/riscv32-unknown-elf/13.2.0/../../../../riscv32-unknown-elf/lib/libc.a(libc_a-impure.o)
 .comment       0x0000002d       0x13 /opt/riscv32i/lib/gcc/riscv32-unknown-elf/13.2.0/../../../../riscv32-unknown-elf/lib/libc.a(libc_a-lseekr.o)
 .comment       0x0000002d       0x13 /opt/riscv32i/lib/gcc/riscv32-unknown-elf/13.2.0/../../../../riscv32-unknown-elf/lib/libc.a(libc_a-readr.o)
 .comment       0x0000002d       0x13 /opt/riscv32i/lib/gcc/riscv32-unknown-elf/13.2.0/../../../../riscv32-unknown-elf/lib/libc.a(libc_a-writer.o)
 .comment       0x0000002d       0x13 /opt/riscv32i/lib/gcc/riscv32-unknown-elf/13.2.0/../../../../riscv32-unknown-elf/lib/libc.a(libc_a-init.o)
 .comment       0x0000002d       0x13 /opt/riscv32i/lib/gcc/riscv32-unknown-elf/13.2.0/../../../../riscv32-unknown-elf/lib/libc.a(libc_a-__call_atexit.o)
 .comment       0x0000002d       0x13 /opt/riscv32i/lib/gcc/riscv32-unknown-elf/13.2.0/../../../../riscv32-unknown-elf/lib/libc.a(libc_a-atexit.o)
 .comment       0x0000002d       0x13 /opt/riscv32i/lib/gcc/riscv32-unknown-elf/13.2.0/../../../../riscv32-unknown-elf/lib/libc.a(libc_a-freer.o)
 .comment       0x0000002d       0x13 /opt/riscv32i/lib/gcc/riscv32-unknown-elf/13.2.0/../../../../riscv32-unknown-elf/lib/libc.a(libc_a-mallocr.o)
 .comment       0x0000002d       0x13 /opt/riscv32i/lib/gcc/riscv32-unknown-elf/13.2.0/../../../../riscv32-unknown-elf/lib/libc.a(libc_a-mlock.o)
 .comment       0x0000002d       0x13 /opt/riscv32i/lib/gcc/riscv32-unknown-elf/13.2.0/../../../../riscv32-unknown-elf/lib/libc.a(libc_a-fclose.o)
 .comment       0x0000002d       0x13 /opt/riscv32i/lib/gcc/riscv32-unknown-elf/13.2.0/../../../../riscv32-unknown-elf/lib/libc.a(libc_a-fflush.o)
 .comment       0x0000002d       0x13 /opt/riscv32i/lib/gcc/riscv32-unknown-elf/13.2.0/../../../../riscv32-unknown-elf/lib/libc.a(libc_a-sbrkr.o)
 .comment       0x0000002d       0x13 /opt/riscv32i/lib/gcc/riscv32-unknown-elf/13.2.0/../../../../riscv32-unknown-elf/lib/libc.a(libc_a-fini.o)
 .comment       0x0000002d       0x13 /opt/riscv32i/lib/gcc/riscv32-unknown-elf/13.2.0/../../../../riscv32-unknown-elf/lib/libc.a(libc_a-__atexit.o)
 .comment       0x0000002d       0x13 /opt/riscv32i/lib/gcc/riscv32-unknown-elf/13.2.0/../../../../riscv32-unknown-elf/lib/libgloss.a(riscv_libgloss_a-sys_close.o)
 .comment       0x0000002d       0x13 /opt/riscv32i/lib/gcc/riscv32-unknown-elf/13.2.0/../../../../riscv32-unknown-elf/lib/libgloss.a(riscv_libgloss_a-sys_exit.o)
 .comment       0x0000002d       0x13 /opt/riscv32i/lib/gcc/riscv32-unknown-elf/13.2.0/../../../../riscv32-unknown-elf/lib/libgloss.a(riscv_libgloss_a-sys_lseek.o)
 .comment       0x0000002d       0x13 /opt/riscv32i/lib/gcc/riscv32-unknown-elf/13.2.0/../../../../riscv32-unknown-elf/lib/libgloss.a(riscv_libgloss_a-sys_read.o)
 .comment       0x0000002d       0x13 /opt/riscv32i/lib/gcc/riscv32-unknown-elf/13.2.0/../../../../riscv32-unknown-elf/lib/libgloss.a(riscv_libgloss_a-sys_sbrk.o)
 .comment       0x0000002d       0x13 /opt/riscv32i/lib/gcc/riscv32-unknown-elf/13.2.0/../../../../riscv32-unknown-elf/lib/libgloss.a(riscv_libgloss_a-sys_write.o)
 .comment       0x0000002d       0x13 /opt/riscv32i/lib/gcc/riscv32-unknown-elf/13.2.0/../../../../riscv32-unknown-elf/lib/libc.a(libc_a-errno.o)
 .comment       0x0000002d       0x1c /opt/riscv32i/lib/gcc/riscv32-unknown-elf/13.2.0/crtend.o
